
==================== Strictness signatures after CPR analsis ====================
HyperStrUse.$trModule: m
HyperStrUse.f: <S(SL),1*U(1*U(U),A)><S,1*U>m



==================== Strictness signatures ====================
HyperStrUse.$trModule: m
HyperStrUse.f: <S(SL),1*U(1*U(U),A)><S,1*U>m



==================== Strictness signatures after CPR analsis ====================
HyperStrUse.$trModule: m
HyperStrUse.f: <S(SL),1*U(1*U(U),A)><S,1*U>m



==================== Strictness signatures ====================
HyperStrUse.$trModule: m
HyperStrUse.f: <S(SL),1*U(1*U(U),A)><S,1*U>m


