  {- Arity: 1, HasNoCafRefs, Strictness: <S,1*H>m,
     Usage: 1*HU,w*U,w*U..,
     Unfolding: InlineRule (0, True, True)
                bof `cast` (Sym (N:Foo[0]) ->_R <T>_R) -}
